node : C:\Users\truth\Downloads\ja_r
elief-NEW\ja_relief-NEW\backend\node
_modules\stripe\cjs\stripe.core.js:1
72
At line:1 char:1
+ node server.js 2> error_log.txt
+ ~~~~~~~~~~~~~~~~~~~~~~~~~~~~~~~
    + CategoryInfo          : 
NotSpec    ified: 
(C:\Users\truth\...ipe.cor    
e.js:172:String) [], RemoteExcept   
 ion
    + FullyQualifiedErrorId : 
NativeC    ommandError
 
                throw new 
Error('Neither apiKey nor 
config.authenticator provided');
                ^

Error: Neither apiKey nor 
config.authenticator provided
    at Stripe._setAuthenticator (C:\
Users\truth\Downloads\ja_relief-NEW\
ja_relief-NEW\backend\node_modules\s
tripe\cjs\stripe.core.js:172:23)
    at new Stripe (C:\Users\truth\Do
wnloads\ja_relief-NEW\ja_relief-NEW\
backend\node_modules\stripe\cjs\stri
pe.core.js:108:14)
    at Stripe (C:\Users\truth\Downlo
ads\ja_relief-NEW\ja_relief-NEW\back
end\node_modules\stripe\cjs\stripe.c
ore.js:64:20)
    at Object.<anonymous> (C:\Users\
truth\Downloads\ja_relief-NEW\ja_rel
ief-NEW\backend\survivorroutes\payme
nts.js:3:33)
    at Module._compile (node:interna
l/modules/cjs/loader:1198:14)
    at 
Object.Module._extensions..js (node:
internal/modules/cjs/loader:1252:10)
    at Module.load (node:internal/mo
dules/cjs/loader:1076:32)
    at Function.Module._load (node:i
nternal/modules/cjs/loader:911:12)
    at Module.require (node:internal
/modules/cjs/loader:1100:19)
    at require (node:internal/module
s/cjs/helpers:119:18)
